=== StagBLDemo2d ===
Mode: blankenbach
Rayleigh number: 10000.
Timestep 0, starts at t=0 (~0 Myr)
Nusselt number: -1.10245e-16
Timestep 1, starts at t=1e+17 (~3170.58 Myr)
Nusselt number: 1.66198
Timestep 2, starts at t=2e+17 (~6341.15 Myr)
Nusselt number: 1.51813
Timestep 3, starts at t=3e+17 (~9511.73 Myr)
Nusselt number: 4.38568
Timestep 4, starts at t=4e+17 (~12682.3 Myr)
Nusselt number: 5.07964
Timestep 5, starts at t=5e+17 (~15852.9 Myr)
Nusselt number: 4.8172
Timestep 6, starts at t=6e+17 (~19023.5 Myr)
Nusselt number: 4.84078
Timestep 7, starts at t=7e+17 (~22194 Myr)
Nusselt number: 4.83893
