************************************************************************************************************************
***             WIDEN YOUR WINDOW TO 120 CHARACTERS.  Use 'enscript -r -fCourier9' to print this document            ***
************************************************************************************************************************

---------------------------------------------- PETSc Performance Summary: ----------------------------------------------

./arch-stagbl-extra-opt/bin/test_dmstag_preallocate on a arch-stagbl-extra-opt named pdsbox with 1 processor, by patrick Thu Nov 14 15:15:53 2019
Using Petsc Development GIT revision: v3.10.2-5230-gbf95615af8  GIT Date: 2019-10-30 15:39:49 +0100

                         Max       Max/Min     Avg       Total 
Time (sec):           6.894e-03     1.000   6.894e-03
Objects:              7.300e+01     1.000   7.300e+01
Flop:                 2.657e+04     1.000   2.657e+04  2.657e+04
Flop/sec:             3.854e+06     1.000   3.854e+06  3.854e+06
MPI Messages:         0.000e+00     0.000   0.000e+00  0.000e+00
MPI Message Lengths:  0.000e+00     0.000   0.000e+00  0.000e+00
MPI Reductions:       0.000e+00     0.000

Flop counting convention: 1 flop = 1 real number operation of type (multiply/divide/add/subtract)
                            e.g., VecAXPY() for real vectors of length N --> 2N flop
                            and VecAXPY() for complex vectors of length N --> 8N flop

Summary of Stages:   ----- Time ------  ----- Flop ------  --- Messages ---  -- Message Lengths --  -- Reductions --
                        Avg     %Total     Avg     %Total    Count   %Total     Avg         %Total    Count   %Total 
 0:      Main Stage: 8.0109e-05   1.2%  0.0000e+00   0.0%  0.000e+00   0.0%  0.000e+00        0.0%  0.000e+00   0.0% 
 1:        Creation: 6.6066e-04   9.6%  0.0000e+00   0.0%  0.000e+00   0.0%  0.000e+00        0.0%  0.000e+00   0.0% 
 2:        Assembly: 1.8132e-03  26.3%  0.0000e+00   0.0%  0.000e+00   0.0%  0.000e+00        0.0%  0.000e+00   0.0% 
 3:           Solve: 4.3342e-03  62.9%  2.6570e+04 100.0%  0.000e+00   0.0%  0.000e+00        0.0%  0.000e+00   0.0% 
 4:     Destruction: 4.7684e-07   0.0%  0.0000e+00   0.0%  0.000e+00   0.0%  0.000e+00        0.0%  0.000e+00   0.0% 

------------------------------------------------------------------------------------------------------------------------
See the 'Profiling' chapter of the users' manual for details on interpreting output.
Phase summary info:
   Count: number of times phase was executed
   Time and Flop: Max - maximum over all processors
                  Ratio - ratio of maximum to minimum over all processors
   Mess: number of messages sent
   AvgLen: average message length (bytes)
   Reduct: number of global reductions
   Global: entire computation
   Stage: stages of a computation. Set stages with PetscLogStagePush() and PetscLogStagePop().
      %T - percent time in this phase         %F - percent flop in this phase
      %M - percent messages in this phase     %L - percent message lengths in this phase
      %R - percent reductions in this phase
   Total Mflop/s: 10e-6 * (sum of flop over all processors)/(max time over all processors)
------------------------------------------------------------------------------------------------------------------------
Event                Count      Time (sec)     Flop                              --- Global ---  --- Stage ----  Total
                   Max Ratio  Max     Ratio   Max  Ratio  Mess   AvgLen  Reduct  %T %F %M %L %R  %T %F %M %L %R Mflop/s
------------------------------------------------------------------------------------------------------------------------

--- Event Stage 0: Main Stage


--- Event Stage 1: Creation

VecSet                 2 1.0 4.5300e-06 1.0 0.00e+00 0.0 0.0e+00 0.0e+00 0.0e+00  0  0  0  0  0   1  0  0  0  0     0
VecScatterBegin        2 1.0 3.8147e-06 1.0 0.00e+00 0.0 0.0e+00 0.0e+00 0.0e+00  0  0  0  0  0   1  0  0  0  0     0

--- Event Stage 2: Assembly

BuildTwoSidedF         2 1.0 2.2173e-05 1.0 0.00e+00 0.0 0.0e+00 0.0e+00 0.0e+00  0  0  0  0  0   1  0  0  0  0     0
MatAssemblyBegin       3 1.0 3.0994e-05 1.0 0.00e+00 0.0 0.0e+00 0.0e+00 0.0e+00  0  0  0  0  0   2  0  0  0  0     0
MatAssemblyEnd         3 1.0 2.1458e-05 1.0 0.00e+00 0.0 0.0e+00 0.0e+00 0.0e+00  0  0  0  0  0   1  0  0  0  0     0
DMCreateMat            1 1.0 4.0054e-05 1.0 0.00e+00 0.0 0.0e+00 0.0e+00 0.0e+00  1  0  0  0  0   2  0  0  0  0     0
VecAssemblyBegin       1 1.0 7.8678e-06 1.0 0.00e+00 0.0 0.0e+00 0.0e+00 0.0e+00  0  0  0  0  0   0  0  0  0  0     0
VecAssemblyEnd         1 1.0 1.1921e-06 1.0 0.00e+00 0.0 0.0e+00 0.0e+00 0.0e+00  0  0  0  0  0   0  0  0  0  0     0

--- Event Stage 3: Solve

MatMult                1 1.0 6.4373e-06 1.0 1.40e+04 1.0 0.0e+00 0.0e+00 0.0e+00  0 53  0  0  0   0 53  0  0  0  2168
MatSolve               2 1.0 1.3328e-04 1.0 0.00e+00 0.0 0.0e+00 0.0e+00 0.0e+00  2  0  0  0  0   3  0  0  0  0     0
MatLUFactorSym         1 1.0 8.6021e-04 1.0 0.00e+00 0.0 0.0e+00 0.0e+00 0.0e+00 12  0  0  0  0  20  0  0  0  0     0
MatLUFactorNum         1 1.0 2.4815e-03 1.0 0.00e+00 0.0 0.0e+00 0.0e+00 0.0e+00 36  0  0  0  0  57  0  0  0  0     0
MatGetRowIJ            1 1.0 1.9789e-05 1.0 0.00e+00 0.0 0.0e+00 0.0e+00 0.0e+00  0  0  0  0  0   0  0  0  0  0     0
MatGetOrdering         1 1.0 2.6298e-04 1.0 0.00e+00 0.0 0.0e+00 0.0e+00 0.0e+00  4  0  0  0  0   6  0  0  0  0     0
VecMDot                1 1.0 1.4305e-06 1.0 1.80e+03 1.0 0.0e+00 0.0e+00 0.0e+00  0  7  0  0  0   0  7  0  0  0  1259
VecNorm                2 1.0 3.5763e-06 1.0 3.60e+03 1.0 0.0e+00 0.0e+00 0.0e+00  0 14  0  0  0   0 14  0  0  0  1008
VecScale               2 1.0 2.6226e-06 1.0 1.80e+03 1.0 0.0e+00 0.0e+00 0.0e+00  0  7  0  0  0   0  7  0  0  0   687
VecCopy                1 1.0 7.1526e-07 1.0 0.00e+00 0.0 0.0e+00 0.0e+00 0.0e+00  0  0  0  0  0   0  0  0  0  0     0
VecSet                 2 1.0 7.1526e-07 1.0 0.00e+00 0.0 0.0e+00 0.0e+00 0.0e+00  0  0  0  0  0   0  0  0  0  0     0
VecAXPY                1 1.0 4.7684e-07 1.0 1.80e+03 1.0 0.0e+00 0.0e+00 0.0e+00  0  7  0  0  0   0  7  0  0  0  3779
VecMAXPY               2 1.0 9.5367e-07 1.0 3.60e+03 1.0 0.0e+00 0.0e+00 0.0e+00  0 14  0  0  0   0 14  0  0  0  3779
VecNormalize           2 1.0 8.5831e-06 1.0 5.41e+03 1.0 0.0e+00 0.0e+00 0.0e+00  0 20  0  0  0   0 20  0  0  0   630
KSPSetUp               1 1.0 1.2636e-05 1.0 0.00e+00 0.0 0.0e+00 0.0e+00 0.0e+00  0  0  0  0  0   0  0  0  0  0     0
KSPSolve               1 1.0 3.8097e-03 1.0 2.66e+04 1.0 0.0e+00 0.0e+00 0.0e+00 55100  0  0  0  88100  0  0  0     7
KSPGMRESOrthog         1 1.0 3.5763e-06 1.0 3.60e+03 1.0 0.0e+00 0.0e+00 0.0e+00  0 14  0  0  0   0 14  0  0  0  1007
PCSetUp                1 1.0 3.6218e-03 1.0 0.00e+00 0.0 0.0e+00 0.0e+00 0.0e+00 53  0  0  0  0  84  0  0  0  0     0
PCApply                2 1.0 1.3423e-04 1.0 0.00e+00 0.0 0.0e+00 0.0e+00 0.0e+00  2  0  0  0  0   3  0  0  0  0     0

--- Event Stage 4: Destruction

------------------------------------------------------------------------------------------------------------------------

Memory usage is given in bytes:

Object Type          Creations   Destructions     Memory  Descendants' Mem.
Reports information only for process 0.

--- Event Stage 0: Main Stage

              Viewer     1              0            0     0.

--- Event Stage 1: Creation

    Distributed Mesh     6              0            0     0.
           Index Set    10             10        17288     0.
   IS L to G Mapping     5              0            0     0.
   Star Forest Graph    12              0            0     0.
     Discrete System     6              0            0     0.
              Vector    14             10        16240     0.
         Vec Scatter     5              0            0     0.

--- Event Stage 2: Assembly

              Matrix     2              1         2864     0.
              Vector     2              0            0     0.

--- Event Stage 3: Solve

              Matrix     1              0            0     0.
           Index Set     2              0            0     0.
              Vector     5              0            0     0.
       Krylov Solver     1              0            0     0.
      Preconditioner     1              0            0     0.

--- Event Stage 4: Destruction

========================================================================================================================
Average time to get PetscTime(): 2.38419e-08
#PETSc Option Table entries:
-log_view
-pc_factor_mat_solver_type umfpack
-pc_type lu
-preallocate 1
#End of PETSc Option Table entries
Compiled without FORTRAN kernels
Compiled with full precision matrices (default)
sizeof(short) 2 sizeof(int) 4 sizeof(long) 8 sizeof(void*) 8 sizeof(PetscScalar) 8 sizeof(PetscInt) 4
Configure options: --with-debugging=0 --download-fblaslapack --download-mpich --download-suitesparse --download-scalapack --download-metis --download-cmake --download-parmetis --download-mumps --download-hdf5 --download-superlu_dist --download-sundials --download-hypre --download-pastix --download-ptscotch --download-c2html --COPTFLAGS="-g -O3" --CXXOPTFLAGS="-g -O3" --FOPTFLAGS="-g -O3" PETSC_ARCH=arch-stagbl-extra-opt PETSC_DIR=/home/patrick/code/petsc-stagbl --archmod=stagbl --extra=4 --with-debugging=0
-----------------------------------------
Libraries compiled on 2019-11-14 09:31:35 on pdsbox 
Machine characteristics: Linux-4.15.0-66-generic-x86_64-with-Ubuntu-18.04-bionic
Using PETSc directory: /home/patrick/code/petsc-stagbl
Using PETSc arch: arch-stagbl-extra-opt
-----------------------------------------

Using C compiler: /home/patrick/code/petsc-stagbl/arch-stagbl-extra-opt/bin/mpicc  -Wall -Wwrite-strings -Wno-strict-aliasing -Wno-unknown-pragmas -fstack-protector -fvisibility=hidden -g -O3  
Using Fortran compiler: /home/patrick/code/petsc-stagbl/arch-stagbl-extra-opt/bin/mpif90  -Wall -ffree-line-length-0 -Wno-unused-dummy-argument -g -O3   
-----------------------------------------

Using include paths: -I/home/patrick/code/petsc-stagbl/include -I/home/patrick/code/petsc-stagbl/arch-stagbl-extra-opt/include
-----------------------------------------

Using C linker: /home/patrick/code/petsc-stagbl/arch-stagbl-extra-opt/bin/mpicc
Using Fortran linker: /home/patrick/code/petsc-stagbl/arch-stagbl-extra-opt/bin/mpif90
Using libraries: -Wl,-rpath,/home/patrick/code/petsc-stagbl/arch-stagbl-extra-opt/lib -L/home/patrick/code/petsc-stagbl/arch-stagbl-extra-opt/lib -lpetsc -Wl,-rpath,/home/patrick/code/petsc-stagbl/arch-stagbl-extra-opt/lib -L/home/patrick/code/petsc-stagbl/arch-stagbl-extra-opt/lib -Wl,-rpath,/usr/lib/gcc/x86_64-linux-gnu/7 -L/usr/lib/gcc/x86_64-linux-gnu/7 -Wl,-rpath,/usr/lib/x86_64-linux-gnu -L/usr/lib/x86_64-linux-gnu -Wl,-rpath,/lib/x86_64-linux-gnu -L/lib/x86_64-linux-gnu -lHYPRE -lcmumps -ldmumps -lsmumps -lzmumps -lmumps_common -lpord -lscalapack -lpastix -lumfpack -lklu -lcholmod -lbtf -lccolamd -lcolamd -lcamd -lamd -lsuitesparseconfig -lsuperlu_dist -lsundials_cvode -lsundials_nvecserial -lsundials_nvecparallel -lflapack -lfblas -lptesmumps -lptscotchparmetis -lptscotch -lptscotcherr -lesmumps -lscotch -lscotcherr -lpthread -lhdf5hl_fortran -lhdf5_fortran -lhdf5_hl -lhdf5 -lparmetis -lmetis -lm -lX11 -lstdc++ -ldl -lmpifort -lmpi -lgfortran -lm -lgfortran -lm -lgcc_s -lquadmath -lrt -lm -lrt -lstdc++ -ldl
-----------------------------------------

